
> vibeflow@0.1.0 dev
> next dev

▲ Next.js 16.3.0 (Turbopack)
- Local:         http://localhost:3000
- Network:       http://192.168.0.108:3000
- Environments: .env.local
✓ Ready in 633ms
✓ Running next.config.mjs took 29ms

 GET /login 200 in 441ms (next.js: 229ms, application-code: 212ms)
 GET /login 200 in 36ms (next.js: 6ms, application-code: 30ms)
 GET /signup 200 in 517ms (next.js: 455ms, application-code: 62ms)
 POST /api/auth/sign-up/email 200 in 2.5s (next.js: 1391ms, application-code: 1133ms)
 POST /api/auth/sign-in/email 200 in 222ms (next.js: 8ms, application-code: 214ms)
 GET /api/auth/get-session 200 in 14ms (next.js: 4ms, application-code: 10ms)
 POST /api/songs 401 in 272ms (next.js: 59ms, application-code: 213ms)
 POST /api/songs 403 in 9ms (next.js: 3ms, application-code: 7ms)
 GET /admin 307 in 782ms (next.js: 122ms, application-code: 660ms)
 GET /login 200 in 30ms (next.js: 4ms, application-code: 26ms)
 POST /api/auth/sign-out 415 in 22ms (next.js: 8ms, application-code: 14ms)
 GET /api/auth/get-session 200 in 13ms (next.js: 4ms, application-code: 9ms)
 GET /admin 307 in 107ms (next.js: 5ms, application-code: 102ms)
 GET /login 200 in 28ms (next.js: 4ms, application-code: 24ms)
 POST /api/auth/sign-in/email 200 in 222ms (next.js: 11ms, application-code: 212ms)
 GET /api/auth/get-session 200 in 10ms (next.js: 3ms, application-code: 8ms)
 POST /api/songs 400 in 13ms (next.js: 3ms, application-code: 10ms)
 GET /admin 200 in 131ms (next.js: 5ms, application-code: 127ms)
 POST /api/auth/sign-out 403 in 12ms (next.js: 3ms, application-code: 9ms)
 GET /api/auth/get-session 200 in 12ms (next.js: 4ms, application-code: 9ms)
 GET /admin 200 in 129ms (next.js: 4ms, application-code: 125ms)
 POST /api/auth/sign-in/email 200 in 221ms (next.js: 11ms, application-code: 210ms)
 POST /api/auth/sign-out 403 in 10ms (next.js: 3ms, application-code: 7ms)
 POST /api/auth/sign-in/email 400 in 17ms (next.js: 8ms, application-code: 9ms)
 POST /api/auth/sign-out 200 in 11ms (next.js: 3ms, application-code: 9ms)
 GET /api/auth/get-session 200 in 9ms (next.js: 3ms, application-code: 6ms)
 POST /api/auth/sign-in/email 200 in 223ms (next.js: 8ms, application-code: 215ms)
 POST /api/auth/sign-out 403 in 9ms (next.js: 3ms, application-code: 6ms)
 GET /api/auth/get-session 200 in 11ms (next.js: 3ms, application-code: 8ms)
 POST /api/auth/sign-in/email 200 in 241ms (next.js: 9ms, application-code: 232ms)
 POST /api/auth/sign-out 200 in 114ms (next.js: 3ms, application-code: 110ms)
 GET /api/auth/get-session 200 in 10ms (next.js: 3ms, application-code: 6ms)
 GET /admin 307 in 119ms (next.js: 5ms, application-code: 114ms)
